Renesas Optimizing Linker (W3.06.00 )             17-Apr-2024 14:40:18

*** Options ***

-SUbcommand=RL78_Sample3.plk
-SECURITY_ID=00000000000000000000
-DEVICE="C:\Program Files (x86)\Renesas Electronics\Applilet EZ PL for RL78 V2.20\Tools\BIN\..\..\Tools\DEV\DR5F1058A.DVF"
-NODEBug
-NOOPtimize
-OUtput="RL78_Sample3.abs"
-LIBrary="C:\Program Files (x86)\Renesas Electronics\CS+\CC\CC-RL\V1.13.00\lib\rl78nm4s.lib"
-LIBrary="C:\Program Files (x86)\Renesas Electronics\CS+\CC\CC-RL\V1.13.00\lib\rl78nm4r.lib"
-LISt
-SHow=ALL
-AUTO_SECTION_LAYOUT
-ROm=.data=.dataR
-ROm=.sdata=.sdataR
-NOMessage
-MEMory=High
-NOLOgo
-Total_size
-Input="obj\cstart.obj"
-Input="obj\opt_byte.obj"
-Input="obj\main.obj"
-Input="obj\common.obj"
-Input="obj\timer.obj"
-Input="obj\int.obj"
-Input="obj\port.obj"
-Input="obj\watchdogtimer.obj"
-Input="obj\system.obj"
-Input="obj\systeminit.obj"
-Input="obj\panel.obj"
-Input="obj\digitalio.obj"
-END

*** Error information ***

*** Mapping List ***

SECTION                            START      END         SIZE   ALIGN
.vect
                                  00000000  0000007f        80   0
.constf
                                  00000080  00000080         0   2
.sdata
                                  00000080  00000080         0   2
.data
                                  00000082  00000084         3   2
.option_byte
                                  000000c0  000000c3         4   1
.security_id
                                  000000c4  000000cd         a   1
.text
                                  000000ce  00000150        83   1
.textf
                                  00000151  000004b0       360   1
.text_AT10C0
                                  000010c0  000010c3         4   1
.const
                                  00002000  00002000         0   2
.bss
                                  000ff900  000ff914        15   2
.dataR
                                  000ff916  000ff918         3   2
.stack_bss
                                  000ff91a  000ffb19       200   2
.sbss
                                  000ffe20  000ffe28         9   2
.sdataR
                                  000ffe2a  000ffe2a         0   2

*** Total Section Size ***

RAMDATA SECTION:  00000221 Byte(s)
ROMDATA SECTION:  00000091 Byte(s)
PROGRAM SECTION:  000003e7 Byte(s)

*** Symbol List ***

SECTION=
FILE=                               START        END    SIZE
  SYMBOL                            ADDR        SIZE    INFO      COUNTS  OPT
    STRUCT                                      SIZE
      MEMBER                        ADDR        SIZE    INFO

SECTION=.vect
FILE=rlink_generates_02
                                  00000000  0000007f        80

SECTION=.data
FILE=obj\panel.obj
                                  00000082  00000084         3

SECTION=.option_byte
FILE=obj\opt_byte.obj
                                  000000c0  000000c3         4

SECTION=.security_id
FILE=rlink_generates_01
                                  000000c4  000000cd         a

SECTION=.text
FILE=obj\cstart.obj
                                  000000ce  00000120        53
  _start
                                  000000ce         0   none ,g         0
  _exit
                                  0000011f         0   none ,g         1
FILE=obj\timer.obj
                                  00000121  00000131        11
  _MD_INTTM00
                                  00000121        11   func ,g         0
FILE=obj\int.obj
                                  00000132  00000150        1f
  _MD_INTP0
                                  00000132         2   func ,g         0
  _MD_INTP1
                                  00000134         2   func ,g         0
  _MD_INTP2
                                  00000136         2   func ,g         0
  _MD_INTP3
                                  00000138         2   func ,g         0
  _MD_INTP4
                                  0000013a         2   func ,g         0
  _MD_INTP5
                                  0000013c         2   func ,g         0
  _MD_INTP6
                                  0000013e         2   func ,g         0
  _MD_INTAD
                                  00000140         9   func ,g         0
  _MD_INTCMP0
                                  00000149         2   func ,g         0
  _MD_INTCMP1
                                  0000014b         2   func ,g         0
  _MD_INTDOC
                                  0000014d         2   func ,g         0
  _MD_INTIT
                                  0000014f         2   func ,g         0

SECTION=.textf
FILE=obj\main.obj
                                  00000151  00000166        16
  _main
                                  00000151         8   func ,g         1
  _main_loop
                                  00000159         e   func ,g         0
FILE=obj\common.obj
                                  00000167  0000020e        a8
  _MOV1_
                                  00000167         1   func ,g         0
  _NOT1_
                                  00000168         6   func ,g         0
  _WAIT
                                  0000016e         d   func ,g         0
  _BitMemGet
                                  0000017b        13   func ,g         1
  __CommonCode@0
                                  0000018e         d   func ,l         1
  _ByteMemGet
                                  0000019b         4   func ,g         1
  _BitMemSet
                                  0000019f        34   func ,g         1
  __CommonCode@1
                                  000001d3         9   func ,l         2
  _ByteMemSet
                                  000001dc         5   func ,g         2
  _Port_Set
                                  000001e1        1f   func ,g         1
  _Port_Get
                                  00000200         f   func ,g         1
FILE=obj\timer.obj
                                  0000020f  00000275        67
  _TM00_Init
                                  0000020f        3a   func ,g         1
  _TM_10ms
                                  00000249        2d   func ,g         1
FILE=obj\int.obj
                                  00000276  000002ca        55
  _INT_Init
                                  00000276        55   func ,g         1
FILE=obj\port.obj
                                  000002cb  00000311        47
  _PORT_Init
                                  000002cb        47   func ,g         1
FILE=obj\watchdogtimer.obj
                                  00000312  00000316         5
  _WDT_Init
                                  00000312         1   func ,g         1
  _WDT_Reset
                                  00000313         4   func ,g         1
FILE=obj\system.obj
                                  00000317  00000317         1
  _Clock_Init
                                  00000317         1   func ,g         1
FILE=obj\systeminit.obj
                                  00000318  0000034d        36
  _SystemInit
                                  00000318        2c   func ,g         1
  _hdwinit
                                  00000344         a   func ,g         2
FILE=obj\panel.obj
                                  0000034e  000003ff        b2
  _panel_init0
                                  0000034e         e   func ,g         1
  __CommonCode@2
                                  0000035c         7   func ,l         2
  __CommonCode@3
                                  00000363         e   func ,l         1
  _panel
                                  00000371        7f   func ,g         1
  __CommonCode@1
                                  000003f0         7   func ,l         7
  __CommonCode@0
                                  000003f7         9   func ,l         8
FILE=obj\digitalio.obj
                                  00000400  000004b0        b1
  _DGOUT_setValue
                                  00000400        1c   func ,g         3
  __CommonCode@1
                                  0000041c         d   func ,l         2
  _DGIN_Initialize
                                  00000429        13   func ,g         2
  __CommonCode@0
                                  0000043c         a   func ,l         2
  _DGIN_Counter_Clear
                                  00000446         4   func ,g         1
  _DGIN_getValue
                                  0000044a        63   func ,g         1
  _DGIN_Counter
                                  000004ad         4   func ,g         6

SECTION=.text_AT10C0
FILE=obj\opt_byte.obj
                                  000010c0  000010c3         4

SECTION=.bss
FILE=obj\int.obj
                                  000ff900  000ff901         2
  _usgADCR
                                  000ff900         2   data ,g         1
FILE=obj\panel.obj
                                  000ff902  000ff909         8
  _I_07
                                  000ff902         1   data ,g         1
  _I_09
                                  000ff903         1   data ,g         1
  _I_11
                                  000ff904         1   data ,g         1
  _I_13
                                  000ff905         1   data ,g         1
  _I_15
                                  000ff906         1   data ,g         1
  _I_17
                                  000ff907         1   data ,g         1
  _I_19
                                  000ff908         1   data ,g         1
  _I_21
                                  000ff909         1   data ,g         1
FILE=obj\digitalio.obj
                                  000ff90a  000ff914         b
  _g_ucDGIN_LastRet
                                  000ff90a         2   data ,g         2
  _g_ucDGIN_ElapsedTime
                                  000ff90c         8   data ,g         3
  _g_ucDGIN_Count
                                  000ff914         1   data ,g         7

SECTION=.dataR
FILE=obj\panel.obj
                                  000ff916  000ff918         3
  _F1407
                                  000ff916         1   data ,g         0
  _F1409
                                  000ff917         1   data ,g         0
  _F1411
                                  000ff918         1   data ,g         0

SECTION=.stack_bss
FILE=obj\cstart.obj
                                  000ff91a  000ffb19       200
  _stackend
                                  000ff91a         0   none ,l         0
  _stacktop
                                  000ffb1a         0   none ,l         1

SECTION=.sbss
FILE=obj\common.obj
                                  000ffe20  000ffe25         6
  _fTx0Done
                                  000ffe20         1   data ,g         0
  _fTx6Done
                                  000ffe21         1   data ,g         0
  _fTm10ms
                                  000ffe22         1   data ,g         3
  _fTrg50ms
                                  000ffe23         1   data ,g         2
  _fTrg1s
                                  000ffe24         1   data ,g         2
  _fTrg10ms
                                  000ffe25         1   data ,g         4
FILE=obj\timer.obj
                                  000ffe26  000ffe28         3
  _SysTm10ms
                                  000ffe26         1   data ,g         3
  _SysTm50ms
                                  000ffe27         1   data ,g         3
  _SysTm1s
                                  000ffe28         1   data ,g         3

Absolute value symbols
FILE=rlink_generates_03
  __s.text
                                  000000ce         0   none ,g         0
  __e.text
                                  00000151         0   none ,g         0
  __s.textf
                                  00000151         0   none ,g         0
  __e.textf
                                  000004b1         0   none ,g         0
  __s.const
                                  00002000         0   none ,g         0
  __e.const
                                  00002000         0   none ,g         0
  __s.constf
                                  00000080         0   none ,g         0
  __e.constf
                                  00000080         0   none ,g         0
  __s.data
                                  00000082         0   none ,g         0
  __e.data
                                  00000085         0   none ,g         0
  __s.sdata
                                  00000080         0   none ,g         0
  __e.sdata
                                  00000080         0   none ,g         0
  __s.bss
                                  000ff900         0   none ,g         0
  __e.bss
                                  000ff915         0   none ,g         0
  __s.sbss
                                  000ffe20         0   none ,g         0
  __e.sbss
                                  000ffe29         0   none ,g         0
  __s.dataR
                                  000ff916         0   none ,g         0
  __e.dataR
                                  000ff919         0   none ,g         0
  __s.sdataR
                                  000ffe2a         0   none ,g         0
  __e.sdataR
                                  000ffe2a         0   none ,g         0
  __s.stack_bss
                                  000ff91a         0   none ,g         0
  __e.stack_bss
                                  000ffb1a         0   none ,g         0
  __s.option_byte
                                  000000c0         0   none ,g         0
  __e.option_byte
                                  000000c4         0   none ,g         0
  __s.text_AT10C0
                                  000010c0         0   none ,g         0
  __e.text_AT10C0
                                  000010c4         0   none ,g         0
  __s.security_id
                                  000000c4         0   none ,g         0
  __e.security_id
                                  000000ce         0   none ,g         0
  __s.vect
                                  00000000         0   none ,g         0
  __e.vect
                                  00000080         0   none ,g         0
  __RAM_ADDR_START
                                  000ff900         0   none ,g         0
  __RAM_ADDR_END
                                  000ffee0         0   none ,g         0
  __STACK_ADDR_START
                                  000ffe20         0   none ,g         0
  __STACK_ADDR_END
                                  000ffb1a         0   none ,g         0

*** Unfilled Areas ***

AREA                                START    END

*** Delete Symbols ***

SYMBOL                                SIZE    INFO

*** Variable Vector Table List ***

ADDRESS  SYMBOL/ADDRESS
00       _start
02       
04       
06       
08       _MD_INTP0
0a       _MD_INTP1
0c       _MD_INTP2
0e       _MD_INTP3
10       _MD_INTP4
12       _MD_INTP5
14       _MD_INTP6
16       
18       
1a       
1c       
1e       
20       _MD_INTTM00
22       
24       
26       
28       
2a       
2c       
2e       
30       
32       
34       _MD_INTAD
36       _MD_INTIT
38       
3a       
3c       
3e       
40       
42       
44       _MD_INTCMP0
46       _MD_INTCMP1
48       _MD_INTDOC
4a       
4c       
4e       
50       
52       
54       
56       
58       
5a       
5c       
5e       
60       
62       
64       
66       
68       
6a       
6c       
6e       
70       
72       
74       
76       
78       
7a       
7c       
7e       

*** Cross Reference List ***

No   Unit Name   Global.Symbol   Location External Infomation
---- ----------- --------------- -------- ---------------------
0001 cstart
     SECTION=.text
                 _start
                                 000000ce
                 _exit
                                 0000011f 0001(00000120:.text)
     SECTION=.textf
     SECTION=.const
     SECTION=.constf
     SECTION=.data
     SECTION=.sdata
     SECTION=.bss
     SECTION=.sbss
     SECTION=.dataR
     SECTION=.sdataR
     SECTION=.stack_bss
     SECTION=.dataR
     SECTION=.sdataR
0002 opt_byte
     SECTION=.option_byte
     SECTION=.text_AT10C0
0003 main
     SECTION=.textf
                 _main
                                 00000151 0001(0000011b:.text)
                 _main_loop
                                 00000159
0004 common
     SECTION=.textf
                 _MOV1_
                                 00000167
                 _NOT1_
                                 00000168
                 _WAIT
                                 0000016e
                 _BitMemGet
                                 0000017b 0012(0000046b:.textf)
                 _ByteMemGet
                                 0000019b 0012(00000477:.textf)
                 _BitMemSet
                                 0000019f 0012(00000443:.textf)
                 _ByteMemSet
                                 000001dc 0012(00000439:.textf)
                                          0012(000004a6:.textf)
                 _Port_Set
                                 000001e1 0012(00000419:.textf)
                 _Port_Get
                                 00000200 0012(00000455:.textf)
     SECTION=.sbss
                 _fTx0Done
                                 000ffe20
                 _fTx6Done
                                 000ffe21
                 _fTm10ms
                                 000ffe22 0005(0000012e:.text)
                                          0005(00000250:.textf)
                                          0005(00000271:.textf)
                 _fTrg50ms
                                 000ffe23 0005(0000024c:.textf)
                                          0005(00000262:.textf)
                 _fTrg1s
                                 000ffe24 0005(0000024e:.textf)
                                          0005(0000026f:.textf)
                 _fTrg10ms
                                 000ffe25 0005(0000024a:.textf)
                                          0005(00000255:.textf)
                                          0011(00000376:.textf)
                                          0011(000003f5:.textf)
0005 timer
     SECTION=.text
                 _MD_INTTM00
                                 00000121
     SECTION=.textf
                 _TM00_Init
                                 0000020f 0010(00000341:.textf)
                 _TM_10ms
                                 00000249 0003(00000162:.textf)
     SECTION=.sbss
                 _SysTm10ms
                                 000ffe26 0005(00000123:.text)
                                          0005(00000126:.text)
                                          0005(0000012c:.text)
                 _SysTm50ms
                                 000ffe27 0005(00000257:.textf)
                                          0005(0000025a:.textf)
                                          0005(00000260:.textf)
                 _SysTm1s
                                 000ffe28 0005(00000264:.textf)
                                          0005(00000267:.textf)
                                          0005(0000026d:.textf)
0006 int
     SECTION=.text
                 _MD_INTP0
                                 00000132
                 _MD_INTP1
                                 00000134
                 _MD_INTP2
                                 00000136
                 _MD_INTP3
                                 00000138
                 _MD_INTP4
                                 0000013a
                 _MD_INTP5
                                 0000013c
                 _MD_INTP6
                                 0000013e
                 _MD_INTAD
                                 00000140
                 _MD_INTCMP0
                                 00000149
                 _MD_INTCMP1
                                 0000014b
                 _MD_INTDOC
                                 0000014d
                 _MD_INTIT
                                 0000014f
     SECTION=.textf
                 _INT_Init
                                 00000276 0010(0000033d:.textf)
     SECTION=.bss
                 _usgADCR
                                 000ff900 0006(00000144:.text)
0007 port
     SECTION=.textf
                 _PORT_Init
                                 000002cb 0010(00000335:.textf)
0008 watchdogtimer
     SECTION=.textf
                 _WDT_Init
                                 00000312 0010(00000339:.textf)
                 _WDT_Reset
                                 00000313 0003(0000015e:.textf)
0009 system
     SECTION=.textf
                 _Clock_Init
                                 00000317 0010(00000331:.textf)
0010 systeminit
     SECTION=.textf
                 _SystemInit
                                 00000318 0010(00000348:.textf)
                 _hdwinit
                                 00000344 0001(000000d3:.text)
                                          0003(00000152:.textf)
0011 panel
     SECTION=.textf
                 _panel_init0
                                 0000034e 0003(00000156:.textf)
                 _panel
                                 00000371 0003(0000015a:.textf)
     SECTION=.bss
                 _I_07
                                 000ff902 0011(0000037e:.textf)
                 _I_09
                                 000ff903 0011(0000038a:.textf)
                 _I_11
                                 000ff904 0011(00000396:.textf)
                 _I_13
                                 000ff905 0011(000003a2:.textf)
                 _I_15
                                 000ff906 0011(000003ae:.textf)
                 _I_17
                                 000ff907 0011(000003ba:.textf)
                 _I_19
                                 000ff908 0011(000003c6:.textf)
                 _I_21
                                 000ff909 0011(000003d2:.textf)
     SECTION=.dataR
                 _F1407
                                 000ff916
                 _F1409
                                 000ff917
                 _F1411
                                 000ff918
     SECTION=.data
0012 digitalio
     SECTION=.textf
                 _DGOUT_setValue
                                 00000400 0011(000003dd:.textf)
                                          0011(000003e5:.textf)
                                          0011(000003ed:.textf)
                 _DGIN_Initialize
                                 00000429 0011(00000365:.textf)
                                          0011(0000036e:.textf)
                 _DGIN_Counter_Clear
                                 00000446 0011(00000372:.textf)
                 _DGIN_getValue
                                 0000044a 0011(000003f8:.textf)
                 _DGIN_Counter
                                 000004ad 0011(00000352:.textf)
                                          0011(00000359:.textf)
                                          0011(00000360:.textf)
                                          0011(00000369:.textf)
                                          0011(000003d5:.textf)
                                          0011(000003f1:.textf)
     SECTION=.bss
                 _g_ucDGIN_LastRet
                                 000ff90a 0012(00000440:.textf)
                                          0012(00000468:.textf)
                 _g_ucDGIN_ElapsedTime
                                 000ff90c 0012(00000436:.textf)
                                          0012(00000474:.textf)
                                          0012(000004a3:.textf)
                 _g_ucDGIN_Count
                                 000ff914 0012(00000432:.textf)
                                          0012(0000043d:.textf)
                                          0012(00000447:.textf)
                                          0012(00000465:.textf)
                                          0012(00000471:.textf)
                                          0012(000004a0:.textf)
                                          0012(000004ae:.textf)
0013 rlink_generates_01
     SECTION=.security_id
0014 rlink_generates_02
     SECTION=.vect
0015 rlink_generates_03
     SECTION=
                 __s.vect
                                 00000000
                 __s.constf
                                 00000080
                 __e.constf
                                 00000080
                 __s.sdata
                                 00000080
                 __e.sdata
                                 00000080
                 __e.vect
                                 00000080
                 __s.data
                                 00000082
                 __e.data
                                 00000085
                 __s.option_byte
                                 000000c0
                 __e.option_byte
                                 000000c4
                 __s.security_id
                                 000000c4
                 __s.text
                                 000000ce
                 __e.security_id
                                 000000ce
                 __e.text
                                 00000151
                 __s.textf
                                 00000151
                 __e.textf
                                 000004b1
                 __s.text_AT10C0
                                 000010c0
                 __e.text_AT10C0
                                 000010c4
                 __s.const
                                 00002000
                 __e.const
                                 00002000
                 __s.bss
                                 000ff900
                 __RAM_ADDR_START
                                 000ff900
                 __e.bss
                                 000ff915
                 __s.dataR
                                 000ff916
                 __e.dataR
                                 000ff919
                 __s.stack_bss
                                 000ff91a
                 __e.stack_bss
                                 000ffb1a
                 __STACK_ADDR_END
                                 000ffb1a
                 __s.sbss
                                 000ffe20
                 __STACK_ADDR_START
                                 000ffe20
                 __e.sbss
                                 000ffe29
                 __s.sdataR
                                 000ffe2a
                 __e.sdataR
                                 000ffe2a
                 __RAM_ADDR_END
                                 000ffee0
